// Vitest Snapshot v1, https://vitest.dev/guide/snapshot.html

exports[`WHEN: Navbar > THEN: should match snapshot 1`] = `
<div
  className="navbar"
>
  <a
    className="logo-container"
    href="/react-pokemon/"
    onClick={[Function]}
    ref={null}
  >
    <img
      alt="logo"
      className="logo"
      src="/react-pokemon/src/shared/assets/pokemon-logo.png"
    />
  </a>
</div>
`;
