// Vitest Snapshot v1, https://vitest.dev/guide/snapshot.html

exports[`WHEN: Loading > THEN: should match snapshot 1`] = `
<div
  class="flex justify-center"
>
  <img
    alt="loading"
    class="w-full h-auto max-w-20 animate-spin"
    decoding="async"
    src="/react-pokemon/src/shared/assets/pokeball.png"
    style="animation-duration: 4000ms; animation-timing-function: linear;"
  />
</div>
`;
