// Jest Snapshot v1, https://goo.gl/fbAQLP

exports[`WHEN: Navbar THEN: should match snapshot 1`] = `
<div
  className="navbar"
>
  <a
    className="logo-container"
    href="/"
    onClick={[Function]}
  >
    <img
      alt="logo"
      className="logo"
      src="pokemon-logo.png"
    />
  </a>
</div>
`;
