// Vitest Snapshot v1, https://vitest.dev/guide/snapshot.html

exports[`WHEN: Badge > THEN: should match snapshot 1`] = `
<span
  class="group/badge inline-flex w-fit shrink-0 items-center justify-center gap-1 overflow-hidden rounded-4xl border-transparent py-0.5 text-xs whitespace-nowrap transition-all focus-visible:border-ring focus-visible:ring-[3px] focus-visible:ring-ring/50 has-data-[icon=inline-end]:pr-1.5 has-data-[icon=inline-start]:pl-1.5 aria-invalid:border-destructive aria-invalid:ring-destructive/20 dark:aria-invalid:ring-destructive/40 [&>svg]:pointer-events-none [&>svg]:size-3! pkm-type-pill border border-l-[9px] rounded-r-xl rounded-l-none uppercase font-bold tracking-wider h-6 px-2.5 text-label"
  data-slot="badge"
  data-testid="type-badge-bug"
  data-variant="type"
  style="--type-color: #729f3f;"
>
  bug
</span>
`;
