// Vitest Snapshot v1, https://vitest.dev/guide/snapshot.html

exports[`GIVEN: PokemonList > WHEN: PokemonList with no pokemons > THEN: should match snapshot 1`] = `
<ul
  class="list-none m-0 p-0 w-full"
>
  <div
    class="p-2 text-body"
  >
    No pokemons found
  </div>
</ul>
`;

exports[`GIVEN: PokemonList > WHEN: PokemonList with pokemons > THEN: should match snapshot 1`] = `
<ul
  class="list-none m-0 p-0 w-full"
>
  <li
    class="group motion-safe:animate-pokemon-entry [animation-delay:var(--delay)] transition-colors duration-150 border border-dark-600 flex justify-between items-center cursor-pointer hover:bg-dark-700 first:rounded-t-lg last:rounded-b-lg only:rounded-lg not-first:border-t-0"
    style="--delay: 0ms;"
  >
    <a
      class="w-full h-full no-underline text-inherit flex items-center focus-visible:outline-none focus-visible:ring-2 focus-visible:ring-accent-gold focus-visible:ring-offset-2 focus-visible:ring-offset-dark-900"
      href="/react-pokemon/detail/1"
    >
      <div
        class="font-pixel text-caption leading-none w-24 min-w-24 text-right text-accent-gold tracking-wider transition-colors duration-150 group-hover:text-text-primary border-r border-dark-600 flex items-center justify-end px-3 py-3"
      >
        #
        1
      </div>
      <div
        class="text-body font-medium flex-1 capitalize px-3 py-3"
      >
        bulbasaur
      </div>
    </a>
  </li>
  <li
    class="group motion-safe:animate-pokemon-entry [animation-delay:var(--delay)] transition-colors duration-150 border border-dark-600 flex justify-between items-center cursor-pointer hover:bg-dark-700 first:rounded-t-lg last:rounded-b-lg only:rounded-lg not-first:border-t-0"
    style="--delay: 35ms;"
  >
    <a
      class="w-full h-full no-underline text-inherit flex items-center focus-visible:outline-none focus-visible:ring-2 focus-visible:ring-accent-gold focus-visible:ring-offset-2 focus-visible:ring-offset-dark-900"
      href="/react-pokemon/detail/2"
    >
      <div
        class="font-pixel text-caption leading-none w-24 min-w-24 text-right text-accent-gold tracking-wider transition-colors duration-150 group-hover:text-text-primary border-r border-dark-600 flex items-center justify-end px-3 py-3"
      >
        #
        2
      </div>
      <div
        class="text-body font-medium flex-1 capitalize px-3 py-3"
      >
        ivysaur
      </div>
    </a>
  </li>
  <li
    class="group motion-safe:animate-pokemon-entry [animation-delay:var(--delay)] transition-colors duration-150 border border-dark-600 flex justify-between items-center cursor-pointer hover:bg-dark-700 first:rounded-t-lg last:rounded-b-lg only:rounded-lg not-first:border-t-0"
    style="--delay: 70ms;"
  >
    <a
      class="w-full h-full no-underline text-inherit flex items-center focus-visible:outline-none focus-visible:ring-2 focus-visible:ring-accent-gold focus-visible:ring-offset-2 focus-visible:ring-offset-dark-900"
      href="/react-pokemon/detail/3"
    >
      <div
        class="font-pixel text-caption leading-none w-24 min-w-24 text-right text-accent-gold tracking-wider transition-colors duration-150 group-hover:text-text-primary border-r border-dark-600 flex items-center justify-end px-3 py-3"
      >
        #
        3
      </div>
      <div
        class="text-body font-medium flex-1 capitalize px-3 py-3"
      >
        venusaur
      </div>
    </a>
  </li>
</ul>
`;
