// Vitest Snapshot v1, https://vitest.dev/guide/snapshot.html

exports[`WHEN: PokemonList with no pokemons > THEN: should match snapshot 1`] = `
<div
  class="min-h-screen bg-dark-900 flex flex-col"
>
  <header
    class="sticky top-0 z-50 w-full bg-dark-900/90 border-b border-dark-600 backdrop-blur-sm"
  >
    <div
      class="max-w-6xl mx-auto px-6 flex items-center justify-between gap-4"
    >
      <div
        class="flex items-center py-3"
        data-testid="primary-nav"
      >
        <a
          aria-label="Go to Pokémon home"
          class="h-12 block rounded-md focus-visible:outline-none focus-visible:ring-2 focus-visible:ring-accent-gold focus-visible:ring-offset-2 focus-visible:ring-offset-dark-900"
          href="/react-pokemon/"
        >
          <img
            alt="Pokémon"
            class="h-full drop-shadow-[0_0_10px_rgba(255,215,0,0.35)]"
            src="/react-pokemon/src/shared/assets/pokemon-logo.png"
          />
        </a>
      </div>
      <nav
        aria-label="Primary sections"
        class="flex items-center gap-1"
        data-testid="primary-sections-nav"
      >
        <a
          aria-current="page"
          class="inline-flex items-center min-h-10 px-3 rounded-md font-pixel tracking-[0.12em] uppercase transition-colors hover:text-accent-gold focus-visible:outline-none focus-visible:ring-2 focus-visible:ring-accent-gold focus-visible:ring-offset-2 focus-visible:ring-offset-dark-900 text-accent-gold"
          data-testid="nav-link-list"
          href="/react-pokemon/"
        >
          Collection
        </a>
        <a
          class="inline-flex items-center min-h-10 px-3 rounded-md font-pixel tracking-[0.12em] uppercase transition-colors text-text-muted hover:text-accent-gold focus-visible:outline-none focus-visible:ring-2 focus-visible:ring-accent-gold focus-visible:ring-offset-2 focus-visible:ring-offset-dark-900"
          data-testid="nav-link-compare"
          href="/react-pokemon/compare"
        >
          Compare
        </a>
      </nav>
    </div>
  </header>
  <main
    class="flex-1 pt-6 pb-20"
    id="main-content"
  >
    <div
      class="flex justify-center"
    >
      <img
        alt="Loading…"
        class="w-full h-auto max-w-20 motion-safe:animate-spin [animation-duration:4s] [animation-timing-function:linear]"
        decoding="async"
        src="/react-pokemon/src/shared/assets/pokeball.png"
      />
    </div>
  </main>
</div>
`;
