// Vitest Snapshot v1, https://vitest.dev/guide/snapshot.html

exports[`WHEN: Navbar > THEN: should match snapshot 1`] = `
<div
  class="flex items-center py-3"
  data-testid="primary-nav"
>
  <a
    aria-label="Go to Pokémon home"
    class="h-12 block rounded-md focus-visible:outline-none focus-visible:ring-2 focus-visible:ring-accent-gold focus-visible:ring-offset-2 focus-visible:ring-offset-dark-900"
    href="/react-pokemon/"
  >
    <img
      alt="Pokémon"
      class="h-full drop-shadow-[0_0_10px_rgba(255,215,0,0.35)]"
      src="/react-pokemon/src/shared/assets/pokemon-logo.png"
    />
  </a>
</div>
`;
